G:\--Java-Development\apple_stock\src\main\java\com\applestock\db\db_connection.java
G:\--Java-Development\apple_stock\src\main\java\com\applestock\server\cart_handler.java
G:\--Java-Development\apple_stock\src\main\java\com\applestock\client\cashier_panel.java
G:\--Java-Development\apple_stock\src\main\java\com\applestock\server\products_handler.java
G:\--Java-Development\apple_stock\src\main\java\com\applestock\lib\Employee.java
G:\--Java-Development\apple_stock\src\main\java\com\applestock\lib\Product.java
G:\--Java-Development\apple_stock\src\main\java\com\applestock\client\colors.java
G:\--Java-Development\apple_stock\src\main\java\com\applestock\Main.java
G:\--Java-Development\apple_stock\src\main\java\com\applestock\client\login_panel.java
G:\--Java-Development\apple_stock\src\main\java\com\applestock\lib\Cart.java
G:\--Java-Development\apple_stock\src\main\java\com\applestock\server\manager_handler.java
G:\--Java-Development\apple_stock\src\main\java\com\applestock\client\manager_panel.java
G:\--Java-Development\apple_stock\src\main\java\com\applestock\server\login_handler.java
